[36mvite v7.3.1 [32mbuilding client environment for production...[36m[39m
transforming...
node.exe : 
At line:1 char:1
+ & "C:\Program Files\nodejs/node.exe" "C:\Program 
Files\nodejs/node_mo ...
+ ~~~~~~~~~~~~~~~~~~~~~~~~~~~~~~~~~~~~~~~~~~~~~~~~~~~~~~~~~~
~~~~~~~~~~~
    + CategoryInfo          : NotSpecified: (:String) [], R 
   emoteException
    + FullyQualifiedErrorId : NativeCommandError
 
[1m[33mwarn[39m[22m - The class `duration-[10s]` is 
ambiguous and matches multiple utilities.
[1m[33mwarn[39m[22m - If this is content and not a 
class, replace it with `duration-&lsqb;10s&rsqb;` to 
silence this warning.

[1m[33mwarn[39m[22m - The class `duration-[7s]` is 
ambiguous and matches multiple utilities.
[1m[33mwarn[39m[22m - If this is content and not a 
class, replace it with `duration-&lsqb;7s&rsqb;` to silence 
this warning.

/dashboard_banner_medical.png referenced in 
/dashboard_banner_medical.png didn't resolve at build time, 
it will remain unchanged to be resolved at runtime
[32mΓ£ô[39m 36 modules transformed.
[31mΓ£ù[39m Build failed in 2.50s
[31merror during build:
[31m[vite-plugin-pwa:build] [plugin vite-plugin-pwa:build] 
There was an error during the build:
  [vite]: Rollup failed to resolve import "sonner" from 
"C:/My Apps/roster/src/layouts/AppLayout.jsx".
This is most likely unintended because it can break your 
application at runtime.
If you do want to externalize this module explicitly add it 
to
`build.rollupOptions.external`
Additionally, handling the error in the 'buildEnd' hook 
caused the following error:
  [vite]: Rollup failed to resolve import "sonner" from 
"C:/My Apps/roster/src/layouts/AppLayout.jsx".
This is most likely unintended because it can break your 
application at runtime.
If you do want to externalize this module explicitly add it 
to
`build.rollupOptions.external`[31m
    at getRollupError (file:///C:/My%20Apps/roster/node_modu
les/rollup/dist/es/shared/parseAst.js:402:41)
    at file:///C:/My%20Apps/roster/node_modules/rollup/dist/
es/shared/node-entry.js:23444:39
    at async catchUnfinishedHookActions (file:///C:/My%20App
s/roster/node_modules/rollup/dist/es/shared/node-entry.js:22
902:16)
    at async rollupInternal (file:///C:/My%20Apps/roster/nod
e_modules/rollup/dist/es/shared/node-entry.js:23427:5)
    at async buildEnvironment (file:///C:/My%20Apps/roster/n
ode_modules/vite/dist/node/chunks/config.js:33541:12)
    at async Object.build (file:///C:/My%20Apps/roster/node_
modules/vite/dist/node/chunks/config.js:33900:19)
    at async Object.buildApp (file:///C:/My%20Apps/roster/no
de_modules/vite/dist/node/chunks/config.js:33897:153)
    at async CAC.<anonymous> (file:///C:/My%20Apps/roster/no
de_modules/vite/dist/node/cli.js:629:3)[39m
